
C:\Users\david\projects\Brimir\src\ymir\libs\ymir-core\include\ymir\version.hpp(30,71): error C2760: erro de sintaxe: ')' n├úo era esperado aqui; o esperado era 'express├úo' [C:\Users\david\projects\Brimir\build\src\ymir\libs\ymir-core\ymir-core.vcxproj]
C:\Users\david\projects\Brimir\src\ymir\libs\ymir-core\include\ymir\version.hpp(30,71): error C2059: erro de sintaxe: ')' [C:\Users\david\projects\Brimir\build\src\ymir\libs\ymir-core\ymir-core.vcxproj]
C:\Users\david\projects\Brimir\src\ymir\libs\ymir-core\include\ymir\version.hpp(30,71): error C2143: erro de sintaxe: '(' ausente antes de ')' [C:\Users\david\projects\Brimir\build\src\ymir\libs\ymir-core\ymir-core.vcxproj]
C:\Users\david\projects\Brimir\src\ymir\libs\ymir-core\include\ymir\version.hpp(30,23): error C2737: 'ymir::version::major': objetoconstexpr deve ser inicializado [C:\Users\david\projects\Brimir\build\src\ymir\libs\ymir-core\ymir-core.vcxproj]
C:\Users\david\projects\Brimir\src\ymir\libs\ymir-core\include\ymir\version.hpp(31,71): error C2760: erro de sintaxe: ')' n├úo era esperado aqui; o esperado era 'express├úo' [C:\Users\david\projects\Brimir\build\src\ymir\libs\ymir-core\ymir-core.vcxproj]
C:\Users\david\projects\Brimir\src\ymir\libs\ymir-core\include\ymir\version.hpp(31,71): error C2059: erro de sintaxe: ')' [C:\Users\david\projects\Brimir\build\src\ymir\libs\ymir-core\ymir-core.vcxproj]
C:\Users\david\projects\Brimir\src\ymir\libs\ymir-core\include\ymir\version.hpp(31,71): error C2143: erro de sintaxe: '(' ausente antes de ')' [C:\Users\david\projects\Brimir\build\src\ymir\libs\ymir-core\ymir-core.vcxproj]
C:\Users\david\projects\Brimir\src\ymir\libs\ymir-core\include\ymir\version.hpp(31,23): error C2737: 'ymir::version::minor': objetoconstexpr deve ser inicializado [C:\Users\david\projects\Brimir\build\src\ymir\libs\ymir-core\ymir-core.vcxproj]
C:\Users\david\projects\Brimir\src\ymir\libs\ymir-core\include\ymir\version.hpp(32,71): error C2760: erro de sintaxe: ')' n├úo era esperado aqui; o esperado era 'express├úo' [C:\Users\david\projects\Brimir\build\src\ymir\libs\ymir-core\ymir-core.vcxproj]
C:\Users\david\projects\Brimir\src\ymir\libs\ymir-core\include\ymir\version.hpp(32,71): error C2059: erro de sintaxe: ')' [C:\Users\david\projects\Brimir\build\src\ymir\libs\ymir-core\ymir-core.vcxproj]
C:\Users\david\projects\Brimir\src\ymir\libs\ymir-core\include\ymir\version.hpp(32,71): error C2143: erro de sintaxe: '(' ausente antes de ')' [C:\Users\david\projects\Brimir\build\src\ymir\libs\ymir-core\ymir-core.vcxproj]
C:\Users\david\projects\Brimir\src\ymir\libs\ymir-core\include\ymir\version.hpp(32,23): error C2737: 'ymir::version::patch': objetoconstexpr deve ser inicializado [C:\Users\david\projects\Brimir\build\src\ymir\libs\ymir-core\ymir-core.vcxproj]

